<html>
<body>
<pre>
<h1>µVision Build Log</h1>
<h2>Tool Versions:</h2>
IDE-Version: µVision V5.24.2.0
Copyright (C) 2017 ARM Ltd and ARM Germany GmbH. All rights reserved.
License Information: Xavier Dedenbach, University of California, Irvine, LIC=1L265-GH82U-YLAUY-W2LL6-8KHDN-E8BA1
 
Tool Versions:
Toolchain:       MDK-ARM Cortex-M0/M0+ 256K for ST  Version: 5.24.1
Toolchain Path:  C:\Keil_v5\ARM\ARMCC\Bin
C Compiler:      Armcc.exe V5.06 update 5 (build 528)
Assembler:       Armasm.exe V5.06 update 5 (build 528)
Linker/Locator:  ArmLink.exe V5.06 update 5 (build 528)
Library Manager: ArmAr.exe V5.06 update 5 (build 528)
Hex Converter:   FromElf.exe V5.06 update 5 (build 528)
CPU DLL:         SARMCM3.DLL V5.24.1
Dialog DLL:      DARMCM1.DLL V1.18.0.0
Target DLL:      STLink\ST-LINKIII-KEIL_SWO.dll V3.0.1.0
Dialog DLL:      TARMCM1.DLL V1.13.0.0
 
<h2>Project:</h2>
C:\Users\Xavier\Documents\OCT Medical\OCT_Discovery\OCTMIWork\Xavier\Discover USB\Discover USB F07\MDK-ARM\Discover USB F07.uvprojx
Project File Date:  08/15/2017

<h2>Output:</h2>
*** Using Compiler 'V5.06 update 5 (build 528)', folder: 'C:\Keil_v5\ARM\ARMCC\Bin'
Rebuild target 'Discover USB F07'
compiling system_stm32f0xx.c...
compiling usbd_ioreq.c...
compiling usbd_ctlreq.c...
compiling stm32f0xx_hal_i2c_ex.c...
compiling usbd_core.c...
compiling usbd_cdc.c...
compiling stm32f0xx_hal_pwr.c...
compiling stm32f0xx_hal_adc.c...
compiling stm32f0xx_hal_rcc.c...
compiling stm32f0xx_hal_rcc_ex.c...
compiling stm32f0xx_hal_tim.c...
compiling stm32f0xx_hal_pcd.c...
compiling stm32f0xx_hal_adc_ex.c...
compiling stm32f0xx_hal_pwr_ex.c...
compiling stm32f0xx_hal.c...
compiling stm32f0xx_hal_tsc.c...
compiling stm32f0xx_hal_rtc_ex.c...
compiling stm32f0xx_hal_pcd_ex.c...
compiling stm32f0xx_hal_tim_ex.c...
compiling stm32f0xx_hal_cortex.c...
compiling stm32f0xx_hal_rtc.c...
compiling stm32f0xx_hal_flash.c...
compiling stm32f0xx_hal_flash_ex.c...
compiling stm32f0xx_hal_spi.c...
compiling stm32f0xx_hal_i2c.c...
compiling stm32f0xx_hal_gpio.c...
compiling stm32f0xx_hal_spi_ex.c...
compiling stm32f0xx_hal_dma.c...
compiling stm32f0xx_hal_msp.c...
compiling usbd_conf.c...
compiling main.c...
compiling stm32f0xx_it.c...
compiling usb_device.c...
compiling usbd_desc.c...
assembling startup_stm32f072xb.s...
compiling usbd_cdc_if.c...
linking...
Program Size: Code=16572 RO-data=240 RW-data=448 ZI-data=4816  
"Discover USB F07\Discover USB F07.axf" - 0 Error(s), 0 Warning(s).

<h2>Software Packages used:</h2>

Package Vendor: ARM
                http://www.keil.com/pack/ARM.CMSIS.5.0.1.pack
                ARM.CMSIS.5.0.1
                CMSIS (Cortex Microcontroller Software Interface Standard)
   * Component: CORE Version: 5.0.1

Package Vendor: Keil
                http://www.keil.com/pack/Keil.STM32F0xx_DFP.1.5.0.pack
                Keil.STM32F0xx_DFP.1.5.0
                STMicroelectronics STM32F0 Series Device Support and Examples

<h2>Collection of Component include folders:</h2>
  .\RTE\_Discover_USB_F07
  C:\Keil_v5\ARM\PACK\ARM\CMSIS\5.0.1\CMSIS\Include
  C:\Keil_v5\ARM\PACK\Keil\STM32F0xx_DFP\1.5.0\Device\Include

<h2>Collection of Component Files used:</h2>

   * Component: ARM::CMSIS:CORE:5.0.1
Build Time Elapsed:  00:00:46
</pre>
</body>
</html>
